Max Value: 1e+10
Min Value: -1e+07
Mean Value: nan
Reversed Vector: nan 1e+10 1e-10 -1e+07 1e+07 -456.477 5825.89 1565.72 -5877.1 -3008.49 1974.63 -3256.31 -153.623 4565.67 6309.7 113.735 503.766 -6190.19 178.949 1009.06 3049.77 4109.44 5742.1 -2241.24 -6990.24 4006.98 4624.21 -6437.85 -2997.44 9059.03 -4881.27 6581.2 1688.61 -3449.17 9826.93 2122.85 -1395.69 9682.49 3938.63 -630.88 1562.48 6652.84 -6453.81 2921.09 -4242.62 1182.84 -8884.53 3925.46 -4222.87 2656.01 8566.01 1689.76 518.937 -8004.99 7301.7 -491.498 -7338.3 1482.39 -3174.02 -4445.69 -630.098 -9013.47 9989.66 -7890.63 3508.48 -1433.21 2096.88 1779.05 3160.22 3563.34 2699.25 -419.779 -5571.67 2613.66 -948.013 2282.75 6634.53 8082.36 -9201.64 6733.38 7227.33 -475.428 -8265.3 3821.23 -4576.2 6339.08 8815.28 -9742.53 -5294.31 8891.3 -529.357 -1076.12 -2041.97 4316.57 -6399.42 7865.22 530.013 -7004.15 -1965.37 -2143.72 7563.97 9687 1 
Input a number to search for: 9687.0000974869
9687 found at index: 101